SOURCELONG:Wildscape	SOURCESHORT:Wildscape
#
Ear to the Ground	TYPE:General	DESC:With your keen hearing and sense of the environment, you can listen to the ebb and flow of sound and energy through the ground. By spending a few moments in quiet meditation, you listen to the whispers of the trees, study the sounds that resonate through the earth, and learn of the creatures in the area.	PRESKILL:1,Listen=6	PREABILITY:1,CATEGORY=Feat,Alertness	MULT:NO	STACK:NO	SOURCEPAGE:p.22
Greater Track	TYPE:General	DESC:By closely studying your quarry’s tracks, you can learn how he thinks and what he is likely to do when confronted with a problem. The best rangers learn not only to follow a creature’s trail but to extract from it how that monster behaves and the tactics that could prove useful in defeating it.	PRESKILL:1,Survival=9		PREABILITY:2,CATEGORY=Feat,Track,Improved Track	BONUS:SKILL|TYPE=Charisma|2	BONUS:COMBAT|TOHIT|1	MULT:NO	STACK:NO	SOURCEPAGE:p.23
Improved Track	TYPE=General	DESC:You can determine several important facts about creatures whose tracks you follow such as the equipment they carry, the speed at which they move, and their general disposition and attitude. You study the distance between footfalls, depth of footprints, and their general arrangement to come to these conclusions.	PREABILITY:1,CATEGORY=Feat,Track	PRESKILL:1,Survival=6	MULT:NO	STACK:NO	SOURCEPAGE:p.23
Light Armor Mastery	TYPE:General,Fighter	DESC:You wear leather armor and similar protective gear like a second skin. You move with speed and agility equal to an unarmored figure.	PREABILITY:1,CATEGORY=Feat,Light Armor Specialization	PREATT:9	BONUS:STAT|DEX|2	STACK:NO	SOURCEPAGE:p.24
